// Jest Snapshot v1, https://goo.gl/fbAQLP

exports[`renders movies list feature renders movies list feature 1`] = `
<DocumentFragment>
  <div
    class="sc-bdvvtL QzUTY"
  >
    <div
      class="sc-gsDKAQ JPWeZ"
    />
    <div
      class="sc-dkPtRN fbvjfo"
    />
  </div>
</DocumentFragment>
`;
